2026-08-10 05:14:53,697 | 41702 | 4613633536 | [open_context_base.py:410] _init_connect_sync: New connect ready: conn=7492433267534364893(1) context=<futu.quote.open_quote_context.OpenQuoteContext object at 0x10c34fa30>
2026-08-10 12:25:27,884 | 50770 | 4660352512 | [open_context_base.py:410] _init_connect_sync: New connect ready: conn=7492541623846258092(1) context=<futu.quote.open_quote_context.OpenQuoteContext object at 0x11fccc520>
2026-08-10 14:16:31,242 | 53019 | 4376536576 | [open_context_base.py:410] _init_connect_sync: New connect ready: conn=7492569572128807073(1) context=<futu.quote.open_quote_context.OpenQuoteContext object at 0x1198a0520>
[US.TSLA] snapshot saved: 2144 contracts -> US_TSLA_2026-08-10.csv
[US.NVDA] snapshot saved: 1236 contracts -> US_NVDA_2026-08-10.csv
watching 24 contracts, polling every 30s. Ctrl-C to stop.

loaded 9925 previously-seen ticks from disk
14:16:53  new ticks: 0  (cumulative unique: 9925)
14:17:24  new ticks: 0  (cumulative unique: 9925)
14:17:54  new ticks: 0  (cumulative unique: 9925)
14:18:25  new ticks: 0  (cumulative unique: 9925)
14:18:56  new ticks: 0  (cumulative unique: 9925)
14:19:27  new ticks: 0  (cumulative unique: 9925)
14:19:57  new ticks: 0  (cumulative unique: 9925)
14:20:28  new ticks: 0  (cumulative unique: 9925)
14:20:59  new ticks: 0  (cumulative unique: 9925)
14:21:29  new ticks: 0  (cumulative unique: 9925)
14:22:00  new ticks: 0  (cumulative unique: 9925)
14:22:31  new ticks: 0  (cumulative unique: 9925)
14:23:02  new ticks: 0  (cumulative unique: 9925)
14:23:32  new ticks: 0  (cumulative unique: 9925)
14:24:03  new ticks: 0  (cumulative unique: 9925)
14:24:34  new ticks: 0  (cumulative unique: 9925)
14:26:16  new ticks: 0  (cumulative unique: 9925)
14:27:58  new ticks: 0  (cumulative unique: 9925)
14:29:39  new ticks: 0  (cumulative unique: 9925)
14:30:26  new ticks: 99  (cumulative unique: 10024)
14:31:04  new ticks: 155  (cumulative unique: 10179)
14:31:40  new ticks: 128  (cumulative unique: 10307)
14:32:16  new ticks: 86  (cumulative unique: 10393)
14:32:52  new ticks: 94  (cumulative unique: 10487)
14:33:28  new ticks: 82  (cumulative unique: 10569)
14:34:04  new ticks: 108  (cumulative unique: 10677)
14:34:41  new ticks: 132  (cumulative unique: 10809)
14:35:17  new ticks: 99  (cumulative unique: 10908)
14:35:54  new ticks: 96  (cumulative unique: 11004)
14:36:30  new ticks: 107  (cumulative unique: 11111)
14:37:06  new ticks: 113  (cumulative unique: 11224)
14:37:43  new ticks: 91  (cumulative unique: 11315)
14:38:19  new ticks: 85  (cumulative unique: 11400)
14:38:56  new ticks: 83  (cumulative unique: 11483)
14:39:32  new ticks: 73  (cumulative unique: 11556)
14:40:09  new ticks: 91  (cumulative unique: 11647)
14:40:45  new ticks: 79  (cumulative unique: 11726)
14:41:21  new ticks: 98  (cumulative unique: 11824)
14:41:58  new ticks: 74  (cumulative unique: 11898)
14:42:34  new ticks: 72  (cumulative unique: 11970)
14:43:11  new ticks: 80  (cumulative unique: 12050)
14:43:47  new ticks: 77  (cumulative unique: 12127)
14:44:23  new ticks: 54  (cumulative unique: 12181)
14:45:00  new ticks: 77  (cumulative unique: 12258)
14:45:36  new ticks: 93  (cumulative unique: 12351)
14:46:13  new ticks: 83  (cumulative unique: 12434)
14:46:49  new ticks: 118  (cumulative unique: 12552)
14:47:25  new ticks: 98  (cumulative unique: 12650)
14:48:03  new ticks: 84  (cumulative unique: 12734)
14:48:39  new ticks: 172  (cumulative unique: 12906)
14:49:16  new ticks: 124  (cumulative unique: 13030)
14:49:52  new ticks: 136  (cumulative unique: 13166)
14:50:28  new ticks: 85  (cumulative unique: 13251)
14:51:06  new ticks: 135  (cumulative unique: 13386)
14:51:42  new ticks: 77  (cumulative unique: 13463)
14:52:19  new ticks: 105  (cumulative unique: 13568)
14:52:55  new ticks: 116  (cumulative unique: 13684)
14:53:32  new ticks: 86  (cumulative unique: 13770)
14:54:09  new ticks: 66  (cumulative unique: 13836)
14:54:45  new ticks: 91  (cumulative unique: 13927)
14:55:22  new ticks: 97  (cumulative unique: 14024)
14:55:58  new ticks: 60  (cumulative unique: 14084)
14:56:35  new ticks: 108  (cumulative unique: 14192)
14:57:12  new ticks: 68  (cumulative unique: 14260)
14:57:48  new ticks: 71  (cumulative unique: 14331)
14:58:25  new ticks: 76  (cumulative unique: 14407)
14:59:01  new ticks: 79  (cumulative unique: 14486)
14:59:37  new ticks: 75  (cumulative unique: 14561)
15:00:15  new ticks: 100  (cumulative unique: 14661)
15:00:51  new ticks: 107  (cumulative unique: 14768)
15:01:28  new ticks: 128  (cumulative unique: 14896)
15:02:05  new ticks: 79  (cumulative unique: 14975)
[US.TSLA] snapshot saved: 2144 contracts -> US_TSLA_2026-08-10.csv
[US.NVDA] snapshot saved: 1236 contracts -> US_NVDA_2026-08-10.csv
15:03:01  new ticks: 1537  (cumulative unique: 16512)
15:03:38  new ticks: 132  (cumulative unique: 16644)
15:04:15  new ticks: 138  (cumulative unique: 16782)
15:04:52  new ticks: 131  (cumulative unique: 16913)
15:05:29  new ticks: 152  (cumulative unique: 17065)
15:06:06  new ticks: 109  (cumulative unique: 17174)
15:06:43  new ticks: 101  (cumulative unique: 17275)
15:07:21  new ticks: 72  (cumulative unique: 17347)
15:07:58  new ticks: 103  (cumulative unique: 17450)
15:08:35  new ticks: 110  (cumulative unique: 17560)
15:09:12  new ticks: 108  (cumulative unique: 17668)
15:09:49  new ticks: 81  (cumulative unique: 17749)
15:10:26  new ticks: 130  (cumulative unique: 17879)
15:11:03  new ticks: 136  (cumulative unique: 18015)
15:11:40  new ticks: 84  (cumulative unique: 18099)
15:12:17  new ticks: 81  (cumulative unique: 18180)
15:12:54  new ticks: 129  (cumulative unique: 18309)
15:13:32  new ticks: 96  (cumulative unique: 18405)
15:14:09  new ticks: 97  (cumulative unique: 18502)
15:14:46  new ticks: 109  (cumulative unique: 18611)
15:15:23  new ticks: 106  (cumulative unique: 18717)
15:16:00  new ticks: 95  (cumulative unique: 18812)
15:16:37  new ticks: 318  (cumulative unique: 19130)
15:17:14  new ticks: 577  (cumulative unique: 19707)
15:17:51  new ticks: 86  (cumulative unique: 19793)
15:18:28  new ticks: 65  (cumulative unique: 19858)
15:19:06  new ticks: 82  (cumulative unique: 19940)
15:19:43  new ticks: 112  (cumulative unique: 20052)
15:20:20  new ticks: 118  (cumulative unique: 20170)
15:20:57  new ticks: 78  (cumulative unique: 20248)
15:21:34  new ticks: 111  (cumulative unique: 20359)
15:22:12  new ticks: 95  (cumulative unique: 20454)
15:22:49  new ticks: 115  (cumulative unique: 20569)
15:23:26  new ticks: 191  (cumulative unique: 20760)
15:24:03  new ticks: 92  (cumulative unique: 20852)
15:24:40  new ticks: 145  (cumulative unique: 20997)
15:25:17  new ticks: 131  (cumulative unique: 21128)
15:25:55  new ticks: 100  (cumulative unique: 21228)
15:26:32  new ticks: 151  (cumulative unique: 21379)
15:27:09  new ticks: 113  (cumulative unique: 21492)
15:27:46  new ticks: 170  (cumulative unique: 21662)
15:28:23  new ticks: 155  (cumulative unique: 21817)
15:29:01  new ticks: 99  (cumulative unique: 21916)
15:29:38  new ticks: 126  (cumulative unique: 22042)
15:30:15  new ticks: 130  (cumulative unique: 22172)
15:30:52  new ticks: 115  (cumulative unique: 22287)
15:31:27  new ticks: 113  (cumulative unique: 22400)
15:32:02  new ticks: 147  (cumulative unique: 22547)
15:32:36  new ticks: 88  (cumulative unique: 22635)
15:33:10  new ticks: 67  (cumulative unique: 22702)
15:33:45  new ticks: 64  (cumulative unique: 22766)
15:34:19  new ticks: 152  (cumulative unique: 22918)
15:34:53  new ticks: 110  (cumulative unique: 23028)
15:35:27  new ticks: 76  (cumulative unique: 23104)
15:36:01  new ticks: 161  (cumulative unique: 23265)
15:36:35  new ticks: 88  (cumulative unique: 23353)
15:37:09  new ticks: 104  (cumulative unique: 23457)
15:37:43  new ticks: 115  (cumulative unique: 23572)
15:38:18  new ticks: 125  (cumulative unique: 23697)
15:38:52  new ticks: 128  (cumulative unique: 23825)
15:39:27  new ticks: 98  (cumulative unique: 23923)
15:40:01  new ticks: 60  (cumulative unique: 23983)
15:40:35  new ticks: 73  (cumulative unique: 24056)
15:41:09  new ticks: 113  (cumulative unique: 24169)
15:41:43  new ticks: 101  (cumulative unique: 24270)
15:42:17  new ticks: 79  (cumulative unique: 24349)
15:42:52  new ticks: 50  (cumulative unique: 24399)
15:43:26  new ticks: 56  (cumulative unique: 24455)
15:44:01  new ticks: 69  (cumulative unique: 24524)
15:44:35  new ticks: 62  (cumulative unique: 24586)
15:45:09  new ticks: 47  (cumulative unique: 24633)
15:45:43  new ticks: 61  (cumulative unique: 24694)
15:46:17  new ticks: 119  (cumulative unique: 24813)
15:46:51  new ticks: 82  (cumulative unique: 24895)
15:47:26  new ticks: 80  (cumulative unique: 24975)
15:48:00  new ticks: 66  (cumulative unique: 25041)
15:48:35  new ticks: 79  (cumulative unique: 25120)
15:49:09  new ticks: 74  (cumulative unique: 25194)
15:49:43  new ticks: 83  (cumulative unique: 25277)
15:50:17  new ticks: 90  (cumulative unique: 25367)
15:50:51  new ticks: 76  (cumulative unique: 25443)
15:51:25  new ticks: 52  (cumulative unique: 25495)
15:51:59  new ticks: 74  (cumulative unique: 25569)
15:52:33  new ticks: 70  (cumulative unique: 25639)
15:53:07  new ticks: 47  (cumulative unique: 25686)
15:53:42  new ticks: 84  (cumulative unique: 25770)
15:54:16  new ticks: 114  (cumulative unique: 25884)
15:54:51  new ticks: 104  (cumulative unique: 25988)
15:55:25  new ticks: 100  (cumulative unique: 26088)
15:55:59  new ticks: 83  (cumulative unique: 26171)
15:56:33  new ticks: 96  (cumulative unique: 26267)
15:57:07  new ticks: 65  (cumulative unique: 26332)
15:57:41  new ticks: 143  (cumulative unique: 26475)
15:58:15  new ticks: 54  (cumulative unique: 26529)
15:58:49  new ticks: 83  (cumulative unique: 26612)
15:59:23  new ticks: 66  (cumulative unique: 26678)
15:59:58  new ticks: 121  (cumulative unique: 26799)
16:00:32  new ticks: 114  (cumulative unique: 26913)
16:01:07  new ticks: 85  (cumulative unique: 26998)
16:01:41  new ticks: 77  (cumulative unique: 27075)
16:02:15  new ticks: 90  (cumulative unique: 27165)
16:02:51  new ticks: 74  (cumulative unique: 27239)
16:03:25  new ticks: 67  (cumulative unique: 27306)
16:03:59  new ticks: 63  (cumulative unique: 27369)
16:04:34  new ticks: 63  (cumulative unique: 27432)
16:05:08  new ticks: 86  (cumulative unique: 27518)
16:05:42  new ticks: 63  (cumulative unique: 27581)
16:06:17  new ticks: 68  (cumulative unique: 27649)
16:06:51  new ticks: 91  (cumulative unique: 27740)
16:07:25  new ticks: 71  (cumulative unique: 27811)
16:08:00  new ticks: 61  (cumulative unique: 27872)
16:08:34  new ticks: 59  (cumulative unique: 27931)
16:09:08  new ticks: 77  (cumulative unique: 28008)
16:09:43  new ticks: 54  (cumulative unique: 28062)
16:10:17  new ticks: 75  (cumulative unique: 28137)
16:10:52  new ticks: 66  (cumulative unique: 28203)
16:11:26  new ticks: 60  (cumulative unique: 28263)
16:12:00  new ticks: 84  (cumulative unique: 28347)
16:12:35  new ticks: 88  (cumulative unique: 28435)
16:13:09  new ticks: 96  (cumulative unique: 28531)
16:13:43  new ticks: 79  (cumulative unique: 28610)
16:14:18  new ticks: 72  (cumulative unique: 28682)
16:14:52  new ticks: 62  (cumulative unique: 28744)
16:15:28  new ticks: 71  (cumulative unique: 28815)
16:16:02  new ticks: 68  (cumulative unique: 28883)
16:16:36  new ticks: 66  (cumulative unique: 28949)
16:17:11  new ticks: 48  (cumulative unique: 28997)
16:17:45  new ticks: 54  (cumulative unique: 29051)
16:18:21  new ticks: 62  (cumulative unique: 29113)
16:18:55  new ticks: 118  (cumulative unique: 29231)
16:19:29  new ticks: 59  (cumulative unique: 29290)
16:20:04  new ticks: 52  (cumulative unique: 29342)
16:20:38  new ticks: 72  (cumulative unique: 29414)
16:21:13  new ticks: 51  (cumulative unique: 29465)
16:21:47  new ticks: 40  (cumulative unique: 29505)
16:22:21  new ticks: 63  (cumulative unique: 29568)
16:22:56  new ticks: 57  (cumulative unique: 29625)
16:23:30  new ticks: 65  (cumulative unique: 29690)
16:24:05  new ticks: 46  (cumulative unique: 29736)
16:24:39  new ticks: 48  (cumulative unique: 29784)
16:25:13  new ticks: 44  (cumulative unique: 29828)
16:25:48  new ticks: 45  (cumulative unique: 29873)
16:26:22  new ticks: 52  (cumulative unique: 29925)
16:26:56  new ticks: 69  (cumulative unique: 29994)
16:27:31  new ticks: 51  (cumulative unique: 30045)
16:28:05  new ticks: 59  (cumulative unique: 30104)
16:28:39  new ticks: 56  (cumulative unique: 30160)
16:29:14  new ticks: 56  (cumulative unique: 30216)
16:29:48  new ticks: 63  (cumulative unique: 30279)
16:30:22  new ticks: 94  (cumulative unique: 30373)
16:30:57  new ticks: 74  (cumulative unique: 30447)
16:31:31  new ticks: 99  (cumulative unique: 30546)
16:32:06  new ticks: 55  (cumulative unique: 30601)
16:32:40  new ticks: 61  (cumulative unique: 30662)
16:33:14  new ticks: 45  (cumulative unique: 30707)
16:33:49  new ticks: 55  (cumulative unique: 30762)
16:34:23  new ticks: 76  (cumulative unique: 30838)
16:34:57  new ticks: 90  (cumulative unique: 30928)
16:35:32  new ticks: 98  (cumulative unique: 31026)
16:36:06  new ticks: 76  (cumulative unique: 31102)
16:36:41  new ticks: 55  (cumulative unique: 31157)
16:37:15  new ticks: 77  (cumulative unique: 31234)
16:37:49  new ticks: 43  (cumulative unique: 31277)
16:38:24  new ticks: 40  (cumulative unique: 31317)
16:38:58  new ticks: 79  (cumulative unique: 31396)
16:39:32  new ticks: 65  (cumulative unique: 31461)
16:40:07  new ticks: 67  (cumulative unique: 31528)
16:40:41  new ticks: 75  (cumulative unique: 31603)
16:41:15  new ticks: 42  (cumulative unique: 31645)
16:41:50  new ticks: 42  (cumulative unique: 31687)
16:42:24  new ticks: 52  (cumulative unique: 31739)
16:42:58  new ticks: 61  (cumulative unique: 31800)
16:43:33  new ticks: 46  (cumulative unique: 31846)
16:44:07  new ticks: 85  (cumulative unique: 31931)
16:44:42  new ticks: 168  (cumulative unique: 32099)
16:45:16  new ticks: 56  (cumulative unique: 32155)
16:45:50  new ticks: 106  (cumulative unique: 32261)
16:46:25  new ticks: 65  (cumulative unique: 32326)
16:46:59  new ticks: 59  (cumulative unique: 32385)
16:47:34  new ticks: 56  (cumulative unique: 32441)
16:48:08  new ticks: 52  (cumulative unique: 32493)
16:48:42  new ticks: 39  (cumulative unique: 32532)
16:49:18  new ticks: 41  (cumulative unique: 32573)
16:49:52  new ticks: 48  (cumulative unique: 32621)
16:50:26  new ticks: 58  (cumulative unique: 32679)
16:51:01  new ticks: 65  (cumulative unique: 32744)
16:51:35  new ticks: 47  (cumulative unique: 32791)
16:52:09  new ticks: 51  (cumulative unique: 32842)
16:52:44  new ticks: 57  (cumulative unique: 32899)
16:53:18  new ticks: 78  (cumulative unique: 32977)
16:53:53  new ticks: 77  (cumulative unique: 33054)
16:54:27  new ticks: 62  (cumulative unique: 33116)
16:55:01  new ticks: 48  (cumulative unique: 33164)
16:55:36  new ticks: 63  (cumulative unique: 33227)
16:56:10  new ticks: 59  (cumulative unique: 33286)
16:56:44  new ticks: 48  (cumulative unique: 33334)
16:57:19  new ticks: 61  (cumulative unique: 33395)
16:57:53  new ticks: 52  (cumulative unique: 33447)
16:58:27  new ticks: 70  (cumulative unique: 33517)
16:58:59  new ticks: 58  (cumulative unique: 33575)
16:59:31  new ticks: 43  (cumulative unique: 33618)
17:00:02  new ticks: 64  (cumulative unique: 33682)
17:00:33  new ticks: 127  (cumulative unique: 33809)
17:01:05  new ticks: 83  (cumulative unique: 33892)
17:01:36  new ticks: 103  (cumulative unique: 33995)
17:02:07  new ticks: 74  (cumulative unique: 34069)
17:02:39  new ticks: 166  (cumulative unique: 34235)
17:03:10  new ticks: 86  (cumulative unique: 34321)
17:03:42  new ticks: 60  (cumulative unique: 34381)
17:04:13  new ticks: 63  (cumulative unique: 34444)
17:04:44  new ticks: 61  (cumulative unique: 34505)
17:05:16  new ticks: 77  (cumulative unique: 34582)
17:05:47  new ticks: 45  (cumulative unique: 34627)
17:06:19  new ticks: 60  (cumulative unique: 34687)
17:06:50  new ticks: 55  (cumulative unique: 34742)
17:07:21  new ticks: 42  (cumulative unique: 34784)
17:07:53  new ticks: 46  (cumulative unique: 34830)
17:08:24  new ticks: 46  (cumulative unique: 34876)
17:08:56  new ticks: 58  (cumulative unique: 34934)
17:09:27  new ticks: 73  (cumulative unique: 35007)
17:09:58  new ticks: 50  (cumulative unique: 35057)
17:10:30  new ticks: 53  (cumulative unique: 35110)
17:11:01  new ticks: 41  (cumulative unique: 35151)
17:11:32  new ticks: 53  (cumulative unique: 35204)
17:12:04  new ticks: 83  (cumulative unique: 35287)
17:12:35  new ticks: 63  (cumulative unique: 35350)
17:13:07  new ticks: 56  (cumulative unique: 35406)
17:13:38  new ticks: 31  (cumulative unique: 35437)
17:14:09  new ticks: 38  (cumulative unique: 35475)
17:14:41  new ticks: 33  (cumulative unique: 35508)
17:15:12  new ticks: 27  (cumulative unique: 35535)
17:15:44  new ticks: 58  (cumulative unique: 35593)
17:16:15  new ticks: 59  (cumulative unique: 35652)
17:16:47  new ticks: 52  (cumulative unique: 35704)
17:17:18  new ticks: 42  (cumulative unique: 35746)
17:17:49  new ticks: 43  (cumulative unique: 35789)
17:18:21  new ticks: 46  (cumulative unique: 35835)
17:18:52  new ticks: 65  (cumulative unique: 35900)
17:19:24  new ticks: 71  (cumulative unique: 35971)
17:19:55  new ticks: 35  (cumulative unique: 36006)
17:20:27  new ticks: 55  (cumulative unique: 36061)
17:20:58  new ticks: 47  (cumulative unique: 36108)
17:21:29  new ticks: 47  (cumulative unique: 36155)
17:22:01  new ticks: 48  (cumulative unique: 36203)
17:22:32  new ticks: 35  (cumulative unique: 36238)
17:23:04  new ticks: 38  (cumulative unique: 36276)
17:23:35  new ticks: 149  (cumulative unique: 36425)
17:24:07  new ticks: 74  (cumulative unique: 36499)
17:24:38  new ticks: 63  (cumulative unique: 36562)
17:25:09  new ticks: 46  (cumulative unique: 36608)
17:25:41  new ticks: 82  (cumulative unique: 36690)
17:26:12  new ticks: 87  (cumulative unique: 36777)
17:26:44  new ticks: 75  (cumulative unique: 36852)
17:27:15  new ticks: 50  (cumulative unique: 36902)
17:27:46  new ticks: 37  (cumulative unique: 36939)
17:28:18  new ticks: 82  (cumulative unique: 37021)
17:28:49  new ticks: 86  (cumulative unique: 37107)
17:29:21  new ticks: 50  (cumulative unique: 37157)
17:29:52  new ticks: 93  (cumulative unique: 37250)
17:30:24  new ticks: 120  (cumulative unique: 37370)
17:30:55  new ticks: 88  (cumulative unique: 37458)
17:31:26  new ticks: 52  (cumulative unique: 37510)
17:31:58  new ticks: 62  (cumulative unique: 37572)
17:32:29  new ticks: 130  (cumulative unique: 37702)
17:33:01  new ticks: 53  (cumulative unique: 37755)
17:33:32  new ticks: 79  (cumulative unique: 37834)
17:34:04  new ticks: 60  (cumulative unique: 37894)
17:34:35  new ticks: 67  (cumulative unique: 37961)
17:35:07  new ticks: 131  (cumulative unique: 38092)
17:35:38  new ticks: 135  (cumulative unique: 38227)
17:36:10  new ticks: 84  (cumulative unique: 38311)
17:36:41  new ticks: 113  (cumulative unique: 38424)
17:37:13  new ticks: 99  (cumulative unique: 38523)
17:37:44  new ticks: 102  (cumulative unique: 38625)
17:38:15  new ticks: 103  (cumulative unique: 38728)
17:38:47  new ticks: 94  (cumulative unique: 38822)
17:39:18  new ticks: 78  (cumulative unique: 38900)
17:39:50  new ticks: 93  (cumulative unique: 38993)
17:40:21  new ticks: 106  (cumulative unique: 39099)
17:40:53  new ticks: 102  (cumulative unique: 39201)
17:41:24  new ticks: 87  (cumulative unique: 39288)
17:41:56  new ticks: 90  (cumulative unique: 39378)
17:42:27  new ticks: 55  (cumulative unique: 39433)
17:42:59  new ticks: 84  (cumulative unique: 39517)
17:43:30  new ticks: 52  (cumulative unique: 39569)
17:44:02  new ticks: 57  (cumulative unique: 39626)
17:44:33  new ticks: 59  (cumulative unique: 39685)
17:45:05  new ticks: 70  (cumulative unique: 39755)
17:45:36  new ticks: 95  (cumulative unique: 39850)
17:46:08  new ticks: 101  (cumulative unique: 39951)
17:46:39  new ticks: 67  (cumulative unique: 40018)
17:47:11  new ticks: 74  (cumulative unique: 40092)
17:47:42  new ticks: 42  (cumulative unique: 40134)
17:48:14  new ticks: 48  (cumulative unique: 40182)
17:48:45  new ticks: 50  (cumulative unique: 40232)
17:49:17  new ticks: 65  (cumulative unique: 40297)
17:49:48  new ticks: 51  (cumulative unique: 40348)
17:50:20  new ticks: 67  (cumulative unique: 40415)
17:50:51  new ticks: 56  (cumulative unique: 40471)
17:51:23  new ticks: 52  (cumulative unique: 40523)
17:51:54  new ticks: 52  (cumulative unique: 40575)
17:52:26  new ticks: 55  (cumulative unique: 40630)
17:52:57  new ticks: 41  (cumulative unique: 40671)
17:53:29  new ticks: 46  (cumulative unique: 40717)
17:54:00  new ticks: 49  (cumulative unique: 40766)
17:54:31  new ticks: 36  (cumulative unique: 40802)
17:55:03  new ticks: 41  (cumulative unique: 40843)
17:55:35  new ticks: 104  (cumulative unique: 40947)
17:56:06  new ticks: 54  (cumulative unique: 41001)
17:56:37  new ticks: 41  (cumulative unique: 41042)
17:57:09  new ticks: 48  (cumulative unique: 41090)
17:57:40  new ticks: 38  (cumulative unique: 41128)
17:58:12  new ticks: 37  (cumulative unique: 41165)
17:58:43  new ticks: 28  (cumulative unique: 41193)
17:59:15  new ticks: 43  (cumulative unique: 41236)
17:59:46  new ticks: 53  (cumulative unique: 41289)
18:00:18  new ticks: 96  (cumulative unique: 41385)
18:00:49  new ticks: 53  (cumulative unique: 41438)
18:01:21  new ticks: 67  (cumulative unique: 41505)
18:01:52  new ticks: 58  (cumulative unique: 41563)
18:02:24  new ticks: 42  (cumulative unique: 41605)
18:02:55  new ticks: 26  (cumulative unique: 41631)
18:03:27  new ticks: 44  (cumulative unique: 41675)
18:03:58  new ticks: 32  (cumulative unique: 41707)
18:04:30  new ticks: 31  (cumulative unique: 41738)
18:05:01  new ticks: 30  (cumulative unique: 41768)
18:05:33  new ticks: 29  (cumulative unique: 41797)
18:06:04  new ticks: 40  (cumulative unique: 41837)
18:06:36  new ticks: 29  (cumulative unique: 41866)
18:07:07  new ticks: 53  (cumulative unique: 41919)
18:07:39  new ticks: 42  (cumulative unique: 41961)
18:08:10  new ticks: 64  (cumulative unique: 42025)
18:08:42  new ticks: 19  (cumulative unique: 42044)
18:09:13  new ticks: 0  (cumulative unique: 42044)
18:09:43  new ticks: 0  (cumulative unique: 42044)
18:10:14  new ticks: 0  (cumulative unique: 42044)
18:10:44  new ticks: 0  (cumulative unique: 42044)
18:11:14  new ticks: 0  (cumulative unique: 42044)
18:11:44  new ticks: 0  (cumulative unique: 42044)
18:12:14  new ticks: 0  (cumulative unique: 42044)
18:12:44  new ticks: 0  (cumulative unique: 42044)
18:13:14  new ticks: 0  (cumulative unique: 42044)
18:13:44  new ticks: 0  (cumulative unique: 42044)
18:14:14  new ticks: 0  (cumulative unique: 42044)
18:14:44  new ticks: 0  (cumulative unique: 42044)
18:15:14  new ticks: 0  (cumulative unique: 42044)
18:15:44  new ticks: 0  (cumulative unique: 42044)
18:16:14  new ticks: 0  (cumulative unique: 42044)
18:16:44  new ticks: 0  (cumulative unique: 42044)
18:17:14  new ticks: 0  (cumulative unique: 42044)
18:17:44  new ticks: 0  (cumulative unique: 42044)
18:18:14  new ticks: 0  (cumulative unique: 42044)
18:19:14  new ticks: 0  (cumulative unique: 42044)
18:19:44  new ticks: 0  (cumulative unique: 42044)
18:21:13  new ticks: 1236  (cumulative unique: 43280)
18:21:51  new ticks: 365  (cumulative unique: 43645)
18:22:22  new ticks: 94  (cumulative unique: 43739)
18:22:54  new ticks: 59  (cumulative unique: 43798)
18:23:25  new ticks: 44  (cumulative unique: 43842)
18:23:57  new ticks: 28  (cumulative unique: 43870)
18:24:28  new ticks: 46  (cumulative unique: 43916)
18:25:00  new ticks: 61  (cumulative unique: 43977)
18:25:31  new ticks: 73  (cumulative unique: 44050)
18:26:03  new ticks: 35  (cumulative unique: 44085)
18:26:34  new ticks: 40  (cumulative unique: 44125)
18:27:06  new ticks: 30  (cumulative unique: 44155)
18:27:37  new ticks: 41  (cumulative unique: 44196)
18:28:09  new ticks: 38  (cumulative unique: 44234)
18:28:40  new ticks: 55  (cumulative unique: 44289)
18:29:12  new ticks: 46  (cumulative unique: 44335)
18:29:43  new ticks: 31  (cumulative unique: 44366)
18:30:15  new ticks: 34  (cumulative unique: 44400)
18:30:46  new ticks: 35  (cumulative unique: 44435)
18:31:18  new ticks: 29  (cumulative unique: 44464)
18:31:49  new ticks: 61  (cumulative unique: 44525)
18:32:21  new ticks: 56  (cumulative unique: 44581)
18:32:52  new ticks: 47  (cumulative unique: 44628)
18:33:24  new ticks: 56  (cumulative unique: 44684)
18:33:55  new ticks: 52  (cumulative unique: 44736)
18:34:27  new ticks: 45  (cumulative unique: 44781)
18:34:58  new ticks: 30  (cumulative unique: 44811)
18:35:30  new ticks: 77  (cumulative unique: 44888)
18:36:01  new ticks: 79  (cumulative unique: 44967)
18:36:33  new ticks: 75  (cumulative unique: 45042)
18:37:04  new ticks: 53  (cumulative unique: 45095)
18:37:36  new ticks: 47  (cumulative unique: 45142)
18:38:07  new ticks: 48  (cumulative unique: 45190)
18:38:39  new ticks: 56  (cumulative unique: 45246)
18:39:10  new ticks: 33  (cumulative unique: 45279)
18:39:42  new ticks: 36  (cumulative unique: 45315)
18:40:13  new ticks: 34  (cumulative unique: 45349)
18:40:45  new ticks: 38  (cumulative unique: 45387)
18:41:16  new ticks: 29  (cumulative unique: 45416)
18:41:48  new ticks: 49  (cumulative unique: 45465)
18:42:19  new ticks: 37  (cumulative unique: 45502)
18:42:51  new ticks: 28  (cumulative unique: 45530)
18:43:22  new ticks: 43  (cumulative unique: 45573)
18:43:54  new ticks: 30  (cumulative unique: 45603)
18:44:25  new ticks: 35  (cumulative unique: 45638)
18:44:57  new ticks: 30  (cumulative unique: 45668)
18:45:28  new ticks: 38  (cumulative unique: 45706)
18:46:00  new ticks: 29  (cumulative unique: 45735)
18:46:31  new ticks: 27  (cumulative unique: 45762)
18:47:03  new ticks: 37  (cumulative unique: 45799)
18:47:34  new ticks: 34  (cumulative unique: 45833)
18:48:06  new ticks: 28  (cumulative unique: 45861)
18:48:37  new ticks: 36  (cumulative unique: 45897)
18:49:09  new ticks: 37  (cumulative unique: 45934)
18:49:40  new ticks: 42  (cumulative unique: 45976)
18:50:12  new ticks: 32  (cumulative unique: 46008)
18:50:44  new ticks: 40  (cumulative unique: 46048)
18:51:15  new ticks: 32  (cumulative unique: 46080)
18:51:47  new ticks: 29  (cumulative unique: 46109)
18:52:18  new ticks: 20  (cumulative unique: 46129)
18:52:50  new ticks: 29  (cumulative unique: 46158)
18:53:21  new ticks: 17  (cumulative unique: 46175)
18:53:53  new ticks: 21  (cumulative unique: 46196)
18:54:24  new ticks: 22  (cumulative unique: 46218)
18:54:56  new ticks: 45  (cumulative unique: 46263)
18:55:27  new ticks: 33  (cumulative unique: 46296)
18:55:59  new ticks: 36  (cumulative unique: 46332)
18:56:30  new ticks: 45  (cumulative unique: 46377)
18:57:02  new ticks: 21  (cumulative unique: 46398)
18:57:33  new ticks: 20  (cumulative unique: 46418)
18:58:05  new ticks: 29  (cumulative unique: 46447)
18:58:36  new ticks: 39  (cumulative unique: 46486)
18:59:08  new ticks: 29  (cumulative unique: 46515)
18:59:39  new ticks: 19  (cumulative unique: 46534)
19:00:11  new ticks: 27  (cumulative unique: 46561)
19:00:42  new ticks: 29  (cumulative unique: 46590)
19:01:14  new ticks: 66  (cumulative unique: 46656)
19:01:45  new ticks: 29  (cumulative unique: 46685)
19:02:17  new ticks: 51  (cumulative unique: 46736)
19:02:48  new ticks: 43  (cumulative unique: 46779)
19:03:20  new ticks: 44  (cumulative unique: 46823)
19:03:52  new ticks: 56  (cumulative unique: 46879)
19:04:23  new ticks: 41  (cumulative unique: 46920)
19:04:55  new ticks: 31  (cumulative unique: 46951)
19:05:26  new ticks: 52  (cumulative unique: 47003)
19:05:58  new ticks: 54  (cumulative unique: 47057)
19:06:29  new ticks: 26  (cumulative unique: 47083)
19:07:01  new ticks: 35  (cumulative unique: 47118)
19:07:32  new ticks: 31  (cumulative unique: 47149)
19:08:04  new ticks: 36  (cumulative unique: 47185)
19:08:35  new ticks: 47  (cumulative unique: 47232)
19:09:07  new ticks: 44  (cumulative unique: 47276)
19:09:38  new ticks: 38  (cumulative unique: 47314)
19:10:10  new ticks: 27  (cumulative unique: 47341)
19:10:41  new ticks: 51  (cumulative unique: 47392)
19:11:13  new ticks: 34  (cumulative unique: 47426)
19:11:44  new ticks: 75  (cumulative unique: 47501)
19:12:16  new ticks: 31  (cumulative unique: 47532)
19:12:47  new ticks: 55  (cumulative unique: 47587)
19:13:19  new ticks: 37  (cumulative unique: 47624)
19:13:51  new ticks: 31  (cumulative unique: 47655)
19:14:22  new ticks: 26  (cumulative unique: 47681)
19:14:54  new ticks: 29  (cumulative unique: 47710)
19:15:25  new ticks: 36  (cumulative unique: 47746)
19:15:57  new ticks: 39  (cumulative unique: 47785)
19:16:28  new ticks: 36  (cumulative unique: 47821)
19:17:00  new ticks: 86  (cumulative unique: 47907)
19:17:31  new ticks: 47  (cumulative unique: 47954)
19:18:03  new ticks: 15  (cumulative unique: 47969)
19:18:34  new ticks: 21  (cumulative unique: 47990)
19:19:06  new ticks: 21  (cumulative unique: 48011)
19:19:38  new ticks: 35  (cumulative unique: 48046)
19:20:09  new ticks: 22  (cumulative unique: 48068)
19:20:41  new ticks: 27  (cumulative unique: 48095)
19:21:12  new ticks: 23  (cumulative unique: 48118)
19:21:44  new ticks: 25  (cumulative unique: 48143)
19:22:15  new ticks: 20  (cumulative unique: 48163)
19:22:47  new ticks: 23  (cumulative unique: 48186)
19:23:18  new ticks: 16  (cumulative unique: 48202)
19:23:50  new ticks: 23  (cumulative unique: 48225)
19:24:21  new ticks: 19  (cumulative unique: 48244)
19:24:53  new ticks: 32  (cumulative unique: 48276)
19:25:24  new ticks: 24  (cumulative unique: 48300)
19:25:56  new ticks: 32  (cumulative unique: 48332)
19:26:28  new ticks: 21  (cumulative unique: 48353)
19:26:59  new ticks: 33  (cumulative unique: 48386)
19:27:31  new ticks: 27  (cumulative unique: 48413)
19:28:02  new ticks: 33  (cumulative unique: 48446)
19:28:34  new ticks: 31  (cumulative unique: 48477)
19:29:05  new ticks: 50  (cumulative unique: 48527)
19:29:37  new ticks: 54  (cumulative unique: 48581)
19:30:08  new ticks: 45  (cumulative unique: 48626)
19:30:40  new ticks: 47  (cumulative unique: 48673)
19:31:11  new ticks: 49  (cumulative unique: 48722)
19:31:43  new ticks: 41  (cumulative unique: 48763)
19:32:14  new ticks: 42  (cumulative unique: 48805)
19:32:46  new ticks: 53  (cumulative unique: 48858)
19:33:18  new ticks: 41  (cumulative unique: 48899)
19:33:49  new ticks: 53  (cumulative unique: 48952)
19:34:21  new ticks: 32  (cumulative unique: 48984)
19:34:52  new ticks: 115  (cumulative unique: 49099)
19:35:24  new ticks: 46  (cumulative unique: 49145)
19:35:55  new ticks: 40  (cumulative unique: 49185)
19:36:27  new ticks: 39  (cumulative unique: 49224)
19:36:58  new ticks: 38  (cumulative unique: 49262)
19:37:30  new ticks: 57  (cumulative unique: 49319)
19:38:02  new ticks: 41  (cumulative unique: 49360)
19:38:33  new ticks: 50  (cumulative unique: 49410)
19:39:05  new ticks: 38  (cumulative unique: 49448)
19:39:36  new ticks: 35  (cumulative unique: 49483)
19:40:08  new ticks: 44  (cumulative unique: 49527)
19:40:39  new ticks: 34  (cumulative unique: 49561)
19:41:11  new ticks: 46  (cumulative unique: 49607)
19:41:42  new ticks: 39  (cumulative unique: 49646)
19:42:14  new ticks: 47  (cumulative unique: 49693)
19:42:46  new ticks: 113  (cumulative unique: 49806)
19:43:17  new ticks: 47  (cumulative unique: 49853)
19:43:49  new ticks: 43  (cumulative unique: 49896)
19:44:20  new ticks: 34  (cumulative unique: 49930)
19:44:52  new ticks: 42  (cumulative unique: 49972)
19:45:23  new ticks: 44  (cumulative unique: 50016)
19:45:55  new ticks: 49  (cumulative unique: 50065)
19:46:26  new ticks: 43  (cumulative unique: 50108)
19:46:58  new ticks: 80  (cumulative unique: 50188)
19:47:30  new ticks: 30  (cumulative unique: 50218)
19:48:01  new ticks: 30  (cumulative unique: 50248)
19:48:33  new ticks: 44  (cumulative unique: 50292)
19:49:04  new ticks: 53  (cumulative unique: 50345)
19:49:36  new ticks: 35  (cumulative unique: 50380)
19:50:07  new ticks: 36  (cumulative unique: 50416)
19:50:39  new ticks: 37  (cumulative unique: 50453)
19:51:11  new ticks: 33  (cumulative unique: 50486)
19:51:42  new ticks: 34  (cumulative unique: 50520)
19:52:14  new ticks: 42  (cumulative unique: 50562)
19:52:45  new ticks: 30  (cumulative unique: 50592)
19:53:17  new ticks: 34  (cumulative unique: 50626)
19:53:49  new ticks: 23  (cumulative unique: 50649)
19:54:20  new ticks: 44  (cumulative unique: 50693)
19:54:52  new ticks: 37  (cumulative unique: 50730)
19:55:24  new ticks: 39  (cumulative unique: 50769)
19:55:55  new ticks: 34  (cumulative unique: 50803)
19:56:27  new ticks: 25  (cumulative unique: 50828)
19:56:58  new ticks: 37  (cumulative unique: 50865)
19:57:30  new ticks: 62  (cumulative unique: 50927)
19:58:02  new ticks: 68  (cumulative unique: 50995)
19:58:33  new ticks: 77  (cumulative unique: 51072)
19:59:05  new ticks: 81  (cumulative unique: 51153)
19:59:37  new ticks: 51  (cumulative unique: 51204)
20:00:08  new ticks: 82  (cumulative unique: 51286)
20:00:40  new ticks: 70  (cumulative unique: 51356)
20:01:12  new ticks: 66  (cumulative unique: 51422)
20:01:43  new ticks: 87  (cumulative unique: 51509)
20:02:15  new ticks: 53  (cumulative unique: 51562)
20:02:46  new ticks: 88  (cumulative unique: 51650)
