2026-08-11 13:50:13,193 | 84364 | 4492191232 | [open_context_base.py:410] _init_connect_sync: New connect ready: conn=7492925341073479331(1) context=<futu.quote.open_quote_context.OpenQuoteContext object at 0x1173fa260>
[US.TSLA] snapshot saved: 2136 contracts -> US_TSLA_2026-08-11.csv
[US.NVDA] snapshot saved: 1210 contracts -> US_NVDA_2026-08-11.csv
watching 24 contracts, polling every 30s. Ctrl-C to stop.

loaded prior ticks for 71 contracts from disk
13:51:12  new ticks: 0  (cumulative: 73812)
13:51:43  new ticks: 0  (cumulative: 73812)
13:52:15  new ticks: 0  (cumulative: 73812)
13:52:47  new ticks: 0  (cumulative: 73812)
13:53:19  new ticks: 0  (cumulative: 73812)
13:53:50  new ticks: 0  (cumulative: 73812)
13:54:22  new ticks: 0  (cumulative: 73812)
13:54:54  new ticks: 0  (cumulative: 73812)
13:55:26  new ticks: 0  (cumulative: 73812)
13:55:57  new ticks: 0  (cumulative: 73812)
13:56:29  new ticks: 0  (cumulative: 73812)
13:57:01  new ticks: 0  (cumulative: 73812)
13:57:32  new ticks: 0  (cumulative: 73812)
13:58:04  new ticks: 0  (cumulative: 73812)
13:58:36  new ticks: 0  (cumulative: 73812)
13:59:08  new ticks: 0  (cumulative: 73812)
13:59:39  new ticks: 0  (cumulative: 73812)
14:00:11  new ticks: 0  (cumulative: 73812)
14:00:43  new ticks: 0  (cumulative: 73812)
14:01:15  new ticks: 0  (cumulative: 73812)
14:01:46  new ticks: 0  (cumulative: 73812)
14:02:18  new ticks: 0  (cumulative: 73812)
14:02:50  new ticks: 0  (cumulative: 73812)
14:03:22  new ticks: 0  (cumulative: 73812)
14:03:54  new ticks: 0  (cumulative: 73812)
14:04:25  new ticks: 0  (cumulative: 73812)
14:04:57  new ticks: 0  (cumulative: 73812)
14:05:29  new ticks: 0  (cumulative: 73812)
14:06:00  new ticks: 0  (cumulative: 73812)
14:06:32  new ticks: 0  (cumulative: 73812)
14:07:04  new ticks: 0  (cumulative: 73812)
14:07:36  new ticks: 0  (cumulative: 73812)
14:08:07  new ticks: 0  (cumulative: 73812)
14:08:39  new ticks: 0  (cumulative: 73812)
14:09:11  new ticks: 0  (cumulative: 73812)
14:09:43  new ticks: 0  (cumulative: 73812)
14:10:14  new ticks: 0  (cumulative: 73812)
14:10:46  new ticks: 0  (cumulative: 73812)
14:11:18  new ticks: 0  (cumulative: 73812)
14:11:50  new ticks: 0  (cumulative: 73812)
14:12:22  new ticks: 0  (cumulative: 73812)
14:12:53  new ticks: 0  (cumulative: 73812)
14:13:25  new ticks: 0  (cumulative: 73812)
14:13:57  new ticks: 0  (cumulative: 73812)
14:14:29  new ticks: 0  (cumulative: 73812)
14:15:00  new ticks: 0  (cumulative: 73812)
14:15:32  new ticks: 0  (cumulative: 73812)
14:16:04  new ticks: 0  (cumulative: 73812)
14:16:36  new ticks: 0  (cumulative: 73812)
14:17:07  new ticks: 0  (cumulative: 73812)
14:17:39  new ticks: 0  (cumulative: 73812)
14:18:11  new ticks: 0  (cumulative: 73812)
14:18:43  new ticks: 0  (cumulative: 73812)
14:19:14  new ticks: 0  (cumulative: 73812)
14:19:46  new ticks: 0  (cumulative: 73812)
14:20:18  new ticks: 0  (cumulative: 73812)
14:20:50  new ticks: 0  (cumulative: 73812)
14:21:21  new ticks: 0  (cumulative: 73812)
14:21:53  new ticks: 0  (cumulative: 73812)
14:22:25  new ticks: 0  (cumulative: 73812)
14:22:57  new ticks: 0  (cumulative: 73812)
14:23:28  new ticks: 0  (cumulative: 73812)
14:24:00  new ticks: 0  (cumulative: 73812)
14:24:32  new ticks: 0  (cumulative: 73812)
14:26:13  new ticks: 0  (cumulative: 73812)
14:27:56  new ticks: 0  (cumulative: 73812)
14:29:38  new ticks: 0  (cumulative: 73812)
14:30:19  new ticks: 672  (cumulative: 74484)
14:30:49  new ticks: 1059  (cumulative: 75543)
14:31:20  new ticks: 517  (cumulative: 76060)
14:31:51  new ticks: 456  (cumulative: 76516)
14:32:21  new ticks: 380  (cumulative: 76896)
14:32:52  new ticks: 434  (cumulative: 77330)
14:33:23  new ticks: 408  (cumulative: 77738)
14:33:53  new ticks: 65  (cumulative: 77803)
14:34:36  new ticks: 621  (cumulative: 78424)
14:35:07  new ticks: 424  (cumulative: 78848)
14:35:38  new ticks: 406  (cumulative: 79254)
14:36:09  new ticks: 407  (cumulative: 79661)
[US.TSLA] snapshot saved: 2136 contracts -> US_TSLA_2026-08-11_repick.csv
[US.NVDA] snapshot saved: 1210 contracts -> US_NVDA_2026-08-11_repick.csv
14:36:56  new ticks: 1646  (cumulative: 81307)
14:37:27  new ticks: 426  (cumulative: 81733)
14:37:58  new ticks: 327  (cumulative: 82060)
14:38:29  new ticks: 276  (cumulative: 82336)
14:39:00  new ticks: 398  (cumulative: 82734)
14:39:31  new ticks: 303  (cumulative: 83037)
14:40:02  new ticks: 270  (cumulative: 83307)
14:40:33  new ticks: 391  (cumulative: 83698)
14:41:04  new ticks: 379  (cumulative: 84077)
14:41:35  new ticks: 442  (cumulative: 84519)
14:42:06  new ticks: 372  (cumulative: 84891)
14:42:37  new ticks: 303  (cumulative: 85194)
14:43:08  new ticks: 258  (cumulative: 85452)
14:43:39  new ticks: 225  (cumulative: 85677)
14:44:11  new ticks: 295  (cumulative: 85972)
14:44:42  new ticks: 176  (cumulative: 86148)
14:45:13  new ticks: 320  (cumulative: 86468)
14:45:44  new ticks: 260  (cumulative: 86728)
14:46:15  new ticks: 288  (cumulative: 87016)
14:46:46  new ticks: 243  (cumulative: 87259)
14:47:18  new ticks: 232  (cumulative: 87491)
14:47:49  new ticks: 194  (cumulative: 87685)
14:48:20  new ticks: 197  (cumulative: 87882)
14:48:51  new ticks: 177  (cumulative: 88059)
14:49:23  new ticks: 272  (cumulative: 88331)
14:49:54  new ticks: 304  (cumulative: 88635)
14:50:25  new ticks: 358  (cumulative: 88993)
14:50:56  new ticks: 346  (cumulative: 89339)
14:51:28  new ticks: 289  (cumulative: 89628)
14:51:59  new ticks: 263  (cumulative: 89891)
14:52:31  new ticks: 219  (cumulative: 90110)
14:53:02  new ticks: 332  (cumulative: 90442)
14:53:33  new ticks: 217  (cumulative: 90659)
14:54:05  new ticks: 246  (cumulative: 90905)
14:54:36  new ticks: 206  (cumulative: 91111)
14:55:07  new ticks: 264  (cumulative: 91375)
14:55:39  new ticks: 221  (cumulative: 91596)
14:56:10  new ticks: 199  (cumulative: 91795)
14:56:42  new ticks: 446  (cumulative: 92241)
14:57:13  new ticks: 336  (cumulative: 92577)
14:57:45  new ticks: 288  (cumulative: 92865)
14:58:16  new ticks: 403  (cumulative: 93268)
14:58:47  new ticks: 529  (cumulative: 93797)
14:59:19  new ticks: 344  (cumulative: 94141)
14:59:50  new ticks: 405  (cumulative: 94546)
15:00:22  new ticks: 342  (cumulative: 94888)
15:00:54  new ticks: 605  (cumulative: 95493)
15:01:25  new ticks: 515  (cumulative: 96008)
15:01:57  new ticks: 474  (cumulative: 96482)
15:02:28  new ticks: 440  (cumulative: 96922)
15:03:00  new ticks: 293  (cumulative: 97215)
15:03:31  new ticks: 494  (cumulative: 97709)
15:04:03  new ticks: 226  (cumulative: 97935)
15:04:34  new ticks: 484  (cumulative: 98419)
15:05:06  new ticks: 415  (cumulative: 98834)
15:05:37  new ticks: 289  (cumulative: 99123)
15:06:09  new ticks: 395  (cumulative: 99518)
15:06:41  new ticks: 350  (cumulative: 99868)
15:07:12  new ticks: 326  (cumulative: 100194)
15:07:44  new ticks: 1020  (cumulative: 101214)
15:08:15  new ticks: 363  (cumulative: 101577)
15:08:47  new ticks: 434  (cumulative: 102011)
15:09:19  new ticks: 372  (cumulative: 102383)
15:09:50  new ticks: 284  (cumulative: 102667)
15:10:22  new ticks: 277  (cumulative: 102944)
15:10:53  new ticks: 300  (cumulative: 103244)
15:11:25  new ticks: 208  (cumulative: 103452)
15:11:57  new ticks: 172  (cumulative: 103624)
15:12:28  new ticks: 212  (cumulative: 103836)
15:13:00  new ticks: 152  (cumulative: 103988)
15:13:31  new ticks: 152  (cumulative: 104140)
15:14:03  new ticks: 191  (cumulative: 104331)
15:14:35  new ticks: 171  (cumulative: 104502)
15:15:06  new ticks: 183  (cumulative: 104685)
15:15:38  new ticks: 202  (cumulative: 104887)
15:16:10  new ticks: 382  (cumulative: 105269)
15:16:41  new ticks: 291  (cumulative: 105560)
15:17:13  new ticks: 231  (cumulative: 105791)
15:17:45  new ticks: 125  (cumulative: 105916)
15:18:17  new ticks: 164  (cumulative: 106080)
15:18:48  new ticks: 643  (cumulative: 106723)
15:19:20  new ticks: 220  (cumulative: 106943)
15:19:52  new ticks: 272  (cumulative: 107215)
15:20:24  new ticks: 324  (cumulative: 107539)
15:20:55  new ticks: 295  (cumulative: 107834)
15:21:27  new ticks: 139  (cumulative: 107973)
15:21:59  new ticks: 149  (cumulative: 108122)
15:22:30  new ticks: 147  (cumulative: 108269)
15:23:02  new ticks: 142  (cumulative: 108411)
15:23:34  new ticks: 181  (cumulative: 108592)
15:24:05  new ticks: 116  (cumulative: 108708)
15:24:37  new ticks: 238  (cumulative: 108946)
15:25:09  new ticks: 111  (cumulative: 109057)
15:25:40  new ticks: 233  (cumulative: 109290)
15:26:12  new ticks: 295  (cumulative: 109585)
15:26:44  new ticks: 180  (cumulative: 109765)
15:27:16  new ticks: 248  (cumulative: 110013)
15:27:47  new ticks: 131  (cumulative: 110144)
15:28:19  new ticks: 208  (cumulative: 110352)
15:28:51  new ticks: 151  (cumulative: 110503)
15:29:23  new ticks: 93  (cumulative: 110596)
15:29:54  new ticks: 103  (cumulative: 110699)
15:30:26  new ticks: 129  (cumulative: 110828)
15:30:58  new ticks: 117  (cumulative: 110945)
15:31:30  new ticks: 326  (cumulative: 111271)
15:32:01  new ticks: 406  (cumulative: 111677)
15:32:33  new ticks: 199  (cumulative: 111876)
15:33:05  new ticks: 115  (cumulative: 111991)
15:33:37  new ticks: 164  (cumulative: 112155)
15:34:08  new ticks: 141  (cumulative: 112296)
15:34:40  new ticks: 103  (cumulative: 112399)
15:35:12  new ticks: 113  (cumulative: 112512)
15:35:44  new ticks: 181  (cumulative: 112693)
15:36:15  new ticks: 151  (cumulative: 112844)
15:36:47  new ticks: 110  (cumulative: 112954)
15:37:19  new ticks: 109  (cumulative: 113063)
15:37:51  new ticks: 148  (cumulative: 113211)
15:38:22  new ticks: 230  (cumulative: 113441)
15:38:54  new ticks: 202  (cumulative: 113643)
15:39:26  new ticks: 161  (cumulative: 113804)
15:39:58  new ticks: 134  (cumulative: 113938)
15:40:29  new ticks: 206  (cumulative: 114144)
15:41:01  new ticks: 108  (cumulative: 114252)
15:41:33  new ticks: 105  (cumulative: 114357)
15:42:05  new ticks: 153  (cumulative: 114510)
15:42:36  new ticks: 162  (cumulative: 114672)
15:43:08  new ticks: 189  (cumulative: 114861)
15:43:40  new ticks: 245  (cumulative: 115106)
15:44:12  new ticks: 191  (cumulative: 115297)
15:44:44  new ticks: 165  (cumulative: 115462)
15:45:15  new ticks: 86  (cumulative: 115548)
15:45:47  new ticks: 144  (cumulative: 115692)
15:46:19  new ticks: 125  (cumulative: 115817)
15:46:51  new ticks: 96  (cumulative: 115913)
15:47:23  new ticks: 123  (cumulative: 116036)
15:47:54  new ticks: 65  (cumulative: 116101)
15:48:26  new ticks: 114  (cumulative: 116215)
15:48:58  new ticks: 121  (cumulative: 116336)
15:49:30  new ticks: 134  (cumulative: 116470)
15:50:02  new ticks: 205  (cumulative: 116675)
15:50:34  new ticks: 178  (cumulative: 116853)
15:51:05  new ticks: 136  (cumulative: 116989)
15:51:37  new ticks: 92  (cumulative: 117081)
15:52:09  new ticks: 118  (cumulative: 117199)
15:52:41  new ticks: 151  (cumulative: 117350)
15:53:13  new ticks: 106  (cumulative: 117456)
15:53:44  new ticks: 105  (cumulative: 117561)
15:54:16  new ticks: 145  (cumulative: 117706)
15:54:48  new ticks: 294  (cumulative: 118000)
15:55:20  new ticks: 276  (cumulative: 118276)
15:55:52  new ticks: 144  (cumulative: 118420)
15:56:24  new ticks: 383  (cumulative: 118803)
15:56:56  new ticks: 274  (cumulative: 119077)
15:57:28  new ticks: 211  (cumulative: 119288)
15:58:00  new ticks: 181  (cumulative: 119469)
15:58:31  new ticks: 118  (cumulative: 119587)
15:59:03  new ticks: 226  (cumulative: 119813)
15:59:35  new ticks: 138  (cumulative: 119951)
16:00:07  new ticks: 144  (cumulative: 120095)
16:00:39  new ticks: 141  (cumulative: 120236)
16:01:11  new ticks: 114  (cumulative: 120350)
16:01:43  new ticks: 108  (cumulative: 120458)
16:02:14  new ticks: 76  (cumulative: 120534)
16:02:46  new ticks: 67  (cumulative: 120601)
16:03:18  new ticks: 158  (cumulative: 120759)
16:03:50  new ticks: 96  (cumulative: 120855)
16:04:22  new ticks: 87  (cumulative: 120942)
16:04:54  new ticks: 173  (cumulative: 121115)
16:05:25  new ticks: 94  (cumulative: 121209)
16:05:57  new ticks: 109  (cumulative: 121318)
16:06:29  new ticks: 91  (cumulative: 121409)
16:07:01  new ticks: 100  (cumulative: 121509)
16:07:33  new ticks: 88  (cumulative: 121597)
16:08:05  new ticks: 103  (cumulative: 121700)
16:08:37  new ticks: 84  (cumulative: 121784)
16:09:08  new ticks: 80  (cumulative: 121864)
16:09:40  new ticks: 79  (cumulative: 121943)
16:10:12  new ticks: 71  (cumulative: 122014)
16:10:44  new ticks: 83  (cumulative: 122097)
16:11:16  new ticks: 54  (cumulative: 122151)
16:11:48  new ticks: 67  (cumulative: 122218)
16:12:19  new ticks: 121  (cumulative: 122339)
16:12:51  new ticks: 112  (cumulative: 122451)
16:13:23  new ticks: 204  (cumulative: 122655)
16:13:55  new ticks: 169  (cumulative: 122824)
16:14:27  new ticks: 116  (cumulative: 122940)
16:14:59  new ticks: 117  (cumulative: 123057)
16:15:31  new ticks: 181  (cumulative: 123238)
16:16:03  new ticks: 238  (cumulative: 123476)
16:16:35  new ticks: 197  (cumulative: 123673)
16:17:06  new ticks: 146  (cumulative: 123819)
16:17:38  new ticks: 128  (cumulative: 123947)
16:18:10  new ticks: 143  (cumulative: 124090)
16:18:42  new ticks: 114  (cumulative: 124204)
16:19:14  new ticks: 147  (cumulative: 124351)
16:19:46  new ticks: 97  (cumulative: 124448)
16:20:18  new ticks: 180  (cumulative: 124628)
16:20:50  new ticks: 80  (cumulative: 124708)
16:21:22  new ticks: 67  (cumulative: 124775)
16:21:54  new ticks: 66  (cumulative: 124841)
16:22:26  new ticks: 122  (cumulative: 124963)
16:22:58  new ticks: 84  (cumulative: 125047)
16:23:29  new ticks: 84  (cumulative: 125131)
16:24:01  new ticks: 56  (cumulative: 125187)
16:24:33  new ticks: 86  (cumulative: 125273)
16:25:05  new ticks: 51  (cumulative: 125324)
16:25:37  new ticks: 55  (cumulative: 125379)
16:26:09  new ticks: 88  (cumulative: 125467)
16:26:41  new ticks: 86  (cumulative: 125553)
16:27:13  new ticks: 73  (cumulative: 125626)
16:27:45  new ticks: 50  (cumulative: 125676)
16:28:17  new ticks: 72  (cumulative: 125748)
16:28:49  new ticks: 67  (cumulative: 125815)
16:29:21  new ticks: 77  (cumulative: 125892)
16:29:52  new ticks: 67  (cumulative: 125959)
16:30:24  new ticks: 49  (cumulative: 126008)
16:30:56  new ticks: 49  (cumulative: 126057)
16:31:28  new ticks: 41  (cumulative: 126098)
16:32:00  new ticks: 55  (cumulative: 126153)
16:32:32  new ticks: 42  (cumulative: 126195)
16:33:04  new ticks: 53  (cumulative: 126248)
16:33:36  new ticks: 49  (cumulative: 126297)
16:34:08  new ticks: 107  (cumulative: 126404)
16:34:40  new ticks: 192  (cumulative: 126596)
16:35:12  new ticks: 129  (cumulative: 126725)
16:35:44  new ticks: 102  (cumulative: 126827)
16:36:16  new ticks: 73  (cumulative: 126900)
16:36:48  new ticks: 57  (cumulative: 126957)
16:37:20  new ticks: 67  (cumulative: 127024)
16:37:52  new ticks: 39  (cumulative: 127063)
16:38:23  new ticks: 72  (cumulative: 127135)
16:38:55  new ticks: 56  (cumulative: 127191)
16:39:27  new ticks: 90  (cumulative: 127281)
16:39:59  new ticks: 74  (cumulative: 127355)
16:40:31  new ticks: 61  (cumulative: 127416)
16:41:03  new ticks: 42  (cumulative: 127458)
16:41:35  new ticks: 54  (cumulative: 127512)
16:42:07  new ticks: 50  (cumulative: 127562)
16:42:39  new ticks: 81  (cumulative: 127643)
16:43:11  new ticks: 51  (cumulative: 127694)
16:43:43  new ticks: 77  (cumulative: 127771)
16:44:15  new ticks: 71  (cumulative: 127842)
16:44:46  new ticks: 106  (cumulative: 127948)
16:45:18  new ticks: 74  (cumulative: 128022)
16:45:50  new ticks: 134  (cumulative: 128156)
16:46:22  new ticks: 109  (cumulative: 128265)
16:46:54  new ticks: 52  (cumulative: 128317)
16:47:26  new ticks: 59  (cumulative: 128376)
16:47:58  new ticks: 56  (cumulative: 128432)
16:48:30  new ticks: 63  (cumulative: 128495)
16:49:02  new ticks: 53  (cumulative: 128548)
16:49:34  new ticks: 105  (cumulative: 128653)
16:50:06  new ticks: 86  (cumulative: 128739)
16:50:38  new ticks: 50  (cumulative: 128789)
16:51:10  new ticks: 90  (cumulative: 128879)
16:51:42  new ticks: 42  (cumulative: 128921)
16:52:14  new ticks: 64  (cumulative: 128985)
16:52:46  new ticks: 24  (cumulative: 129009)
16:53:18  new ticks: 94  (cumulative: 129103)
16:53:50  new ticks: 47  (cumulative: 129150)
16:54:22  new ticks: 53  (cumulative: 129203)
16:54:54  new ticks: 50  (cumulative: 129253)
16:55:26  new ticks: 43  (cumulative: 129296)
16:55:58  new ticks: 42  (cumulative: 129338)
16:56:30  new ticks: 52  (cumulative: 129390)
16:57:01  new ticks: 37  (cumulative: 129427)
16:57:33  new ticks: 28  (cumulative: 129455)
16:58:06  new ticks: 72  (cumulative: 129527)
16:58:38  new ticks: 61  (cumulative: 129588)
16:59:10  new ticks: 113  (cumulative: 129701)
16:59:42  new ticks: 92  (cumulative: 129793)
17:00:13  new ticks: 55  (cumulative: 129848)
17:00:45  new ticks: 66  (cumulative: 129914)
17:01:17  new ticks: 46  (cumulative: 129960)
17:01:49  new ticks: 176  (cumulative: 130136)
17:02:21  new ticks: 66  (cumulative: 130202)
17:02:53  new ticks: 92  (cumulative: 130294)
17:03:25  new ticks: 51  (cumulative: 130345)
17:03:57  new ticks: 53  (cumulative: 130398)
17:04:29  new ticks: 68  (cumulative: 130466)
17:05:01  new ticks: 62  (cumulative: 130528)
17:05:33  new ticks: 55  (cumulative: 130583)
17:06:05  new ticks: 54  (cumulative: 130637)
17:06:37  new ticks: 79  (cumulative: 130716)
17:07:09  new ticks: 71  (cumulative: 130787)
17:07:41  new ticks: 49  (cumulative: 130836)
17:08:13  new ticks: 83  (cumulative: 130919)
17:08:45  new ticks: 52  (cumulative: 130971)
17:09:17  new ticks: 48  (cumulative: 131019)
17:09:49  new ticks: 70  (cumulative: 131089)
17:10:21  new ticks: 67  (cumulative: 131156)
17:10:53  new ticks: 42  (cumulative: 131198)
17:11:25  new ticks: 35  (cumulative: 131233)
17:11:57  new ticks: 55  (cumulative: 131288)
17:12:29  new ticks: 67  (cumulative: 131355)
17:13:01  new ticks: 59  (cumulative: 131414)
17:13:33  new ticks: 62  (cumulative: 131476)
17:14:05  new ticks: 41  (cumulative: 131517)
17:14:37  new ticks: 181  (cumulative: 131698)
17:15:09  new ticks: 57  (cumulative: 131755)
17:15:40  new ticks: 51  (cumulative: 131806)
17:16:12  new ticks: 63  (cumulative: 131869)
17:16:44  new ticks: 73  (cumulative: 131942)
17:17:16  new ticks: 57  (cumulative: 131999)
17:17:48  new ticks: 43  (cumulative: 132042)
17:18:20  new ticks: 22  (cumulative: 132064)
17:18:52  new ticks: 67  (cumulative: 132131)
17:19:24  new ticks: 86  (cumulative: 132217)
17:19:56  new ticks: 124  (cumulative: 132341)
17:20:28  new ticks: 100  (cumulative: 132441)
17:21:00  new ticks: 74  (cumulative: 132515)
17:21:32  new ticks: 75  (cumulative: 132590)
17:22:04  new ticks: 76  (cumulative: 132666)
17:22:36  new ticks: 85  (cumulative: 132751)
17:23:08  new ticks: 71  (cumulative: 132822)
17:23:40  new ticks: 90  (cumulative: 132912)
17:24:12  new ticks: 62  (cumulative: 132974)
17:24:44  new ticks: 68  (cumulative: 133042)
17:25:16  new ticks: 43  (cumulative: 133085)
17:25:48  new ticks: 130  (cumulative: 133215)
17:26:20  new ticks: 63  (cumulative: 133278)
17:26:52  new ticks: 91  (cumulative: 133369)
17:27:24  new ticks: 82  (cumulative: 133451)
17:27:56  new ticks: 91  (cumulative: 133542)
17:28:28  new ticks: 59  (cumulative: 133601)
17:29:00  new ticks: 89  (cumulative: 133690)
17:29:32  new ticks: 53  (cumulative: 133743)
17:30:04  new ticks: 72  (cumulative: 133815)
17:30:35  new ticks: 81  (cumulative: 133896)
17:31:07  new ticks: 254  (cumulative: 134150)
17:31:39  new ticks: 159  (cumulative: 134309)
17:32:11  new ticks: 45  (cumulative: 134354)
17:32:43  new ticks: 47  (cumulative: 134401)
17:33:15  new ticks: 73  (cumulative: 134474)
17:33:47  new ticks: 71  (cumulative: 134545)
17:34:19  new ticks: 82  (cumulative: 134627)
17:34:51  new ticks: 79  (cumulative: 134706)
17:35:23  new ticks: 49  (cumulative: 134755)
17:35:55  new ticks: 87  (cumulative: 134842)
17:36:27  new ticks: 70  (cumulative: 134912)
17:36:59  new ticks: 97  (cumulative: 135009)
17:37:31  new ticks: 100  (cumulative: 135109)
17:38:03  new ticks: 71  (cumulative: 135180)
17:38:35  new ticks: 69  (cumulative: 135249)
17:39:07  new ticks: 52  (cumulative: 135301)
17:39:39  new ticks: 61  (cumulative: 135362)
17:40:11  new ticks: 63  (cumulative: 135425)
17:40:43  new ticks: 50  (cumulative: 135475)
17:41:15  new ticks: 55  (cumulative: 135530)
17:41:47  new ticks: 32  (cumulative: 135562)
17:42:19  new ticks: 72  (cumulative: 135634)
17:42:51  new ticks: 47  (cumulative: 135681)
17:43:23  new ticks: 48  (cumulative: 135729)
17:43:55  new ticks: 90  (cumulative: 135819)
17:44:27  new ticks: 63  (cumulative: 135882)
17:44:59  new ticks: 65  (cumulative: 135947)
17:45:31  new ticks: 67  (cumulative: 136014)
17:46:03  new ticks: 55  (cumulative: 136069)
17:46:35  new ticks: 77  (cumulative: 136146)
17:47:07  new ticks: 51  (cumulative: 136197)
17:47:39  new ticks: 45  (cumulative: 136242)
17:48:11  new ticks: 73  (cumulative: 136315)
17:48:43  new ticks: 151  (cumulative: 136466)
17:49:15  new ticks: 85  (cumulative: 136551)
17:49:47  new ticks: 79  (cumulative: 136630)
17:50:19  new ticks: 87  (cumulative: 136717)
17:50:51  new ticks: 83  (cumulative: 136800)
17:51:23  new ticks: 179  (cumulative: 136979)
17:51:56  new ticks: 78  (cumulative: 137057)
17:52:28  new ticks: 98  (cumulative: 137155)
17:53:00  new ticks: 45  (cumulative: 137200)
17:53:32  new ticks: 64  (cumulative: 137264)
17:54:04  new ticks: 67  (cumulative: 137331)
17:54:36  new ticks: 69  (cumulative: 137400)
17:55:08  new ticks: 99  (cumulative: 137499)
17:55:40  new ticks: 146  (cumulative: 137645)
17:56:12  new ticks: 83  (cumulative: 137728)
17:56:44  new ticks: 119  (cumulative: 137847)
17:57:16  new ticks: 80  (cumulative: 137927)
17:57:48  new ticks: 51  (cumulative: 137978)
17:58:20  new ticks: 51  (cumulative: 138029)
17:58:52  new ticks: 79  (cumulative: 138108)
17:59:24  new ticks: 45  (cumulative: 138153)
17:59:56  new ticks: 79  (cumulative: 138232)
18:00:28  new ticks: 97  (cumulative: 138329)
18:01:00  new ticks: 68  (cumulative: 138397)
18:01:32  new ticks: 65  (cumulative: 138462)
18:02:04  new ticks: 78  (cumulative: 138540)
18:02:36  new ticks: 45  (cumulative: 138585)
18:03:08  new ticks: 94  (cumulative: 138679)
18:03:40  new ticks: 43  (cumulative: 138722)
18:04:12  new ticks: 49  (cumulative: 138771)
18:04:45  new ticks: 68  (cumulative: 138839)
18:05:17  new ticks: 100  (cumulative: 138939)
18:05:49  new ticks: 167  (cumulative: 139106)
18:06:21  new ticks: 64  (cumulative: 139170)
18:06:53  new ticks: 62  (cumulative: 139232)
18:07:25  new ticks: 69  (cumulative: 139301)
18:07:57  new ticks: 69  (cumulative: 139370)
18:08:29  new ticks: 77  (cumulative: 139447)
18:09:01  new ticks: 58  (cumulative: 139505)
18:09:33  new ticks: 64  (cumulative: 139569)
18:10:05  new ticks: 92  (cumulative: 139661)
18:10:37  new ticks: 217  (cumulative: 139878)
18:11:09  new ticks: 122  (cumulative: 140000)
18:11:41  new ticks: 149  (cumulative: 140149)
18:12:13  new ticks: 141  (cumulative: 140290)
18:12:45  new ticks: 146  (cumulative: 140436)
18:13:17  new ticks: 161  (cumulative: 140597)
18:13:49  new ticks: 100  (cumulative: 140697)
18:14:21  new ticks: 114  (cumulative: 140811)
18:14:53  new ticks: 130  (cumulative: 140941)
18:15:25  new ticks: 74  (cumulative: 141015)
18:15:57  new ticks: 53  (cumulative: 141068)
18:16:29  new ticks: 98  (cumulative: 141166)
18:17:01  new ticks: 61  (cumulative: 141227)
18:17:33  new ticks: 43  (cumulative: 141270)
18:18:05  new ticks: 76  (cumulative: 141346)
18:18:37  new ticks: 80  (cumulative: 141426)
18:19:10  new ticks: 71  (cumulative: 141497)
18:19:42  new ticks: 77  (cumulative: 141574)
18:20:14  new ticks: 63  (cumulative: 141637)
18:20:46  new ticks: 94  (cumulative: 141731)
18:21:18  new ticks: 68  (cumulative: 141799)
18:21:50  new ticks: 72  (cumulative: 141871)
18:22:22  new ticks: 152  (cumulative: 142023)
18:22:54  new ticks: 81  (cumulative: 142104)
18:23:26  new ticks: 112  (cumulative: 142216)
18:23:58  new ticks: 69  (cumulative: 142285)
18:24:30  new ticks: 54  (cumulative: 142339)
18:25:02  new ticks: 68  (cumulative: 142407)
18:25:34  new ticks: 160  (cumulative: 142567)
18:26:07  new ticks: 86  (cumulative: 142653)
18:26:39  new ticks: 38  (cumulative: 142691)
18:27:11  new ticks: 48  (cumulative: 142739)
18:27:43  new ticks: 46  (cumulative: 142785)
18:28:15  new ticks: 29  (cumulative: 142814)
18:28:47  new ticks: 40  (cumulative: 142854)
18:29:19  new ticks: 52  (cumulative: 142906)
18:29:51  new ticks: 25  (cumulative: 142931)
18:30:23  new ticks: 54  (cumulative: 142985)
18:30:55  new ticks: 46  (cumulative: 143031)
18:31:27  new ticks: 58  (cumulative: 143089)
18:31:59  new ticks: 36  (cumulative: 143125)
18:32:31  new ticks: 59  (cumulative: 143184)
18:33:03  new ticks: 68  (cumulative: 143252)
18:33:35  new ticks: 50  (cumulative: 143302)
18:34:07  new ticks: 59  (cumulative: 143361)
18:34:39  new ticks: 53  (cumulative: 143414)
18:35:11  new ticks: 48  (cumulative: 143462)
18:35:43  new ticks: 49  (cumulative: 143511)
18:36:15  new ticks: 43  (cumulative: 143554)
18:36:47  new ticks: 46  (cumulative: 143600)
18:37:20  new ticks: 49  (cumulative: 143649)
18:37:52  new ticks: 35  (cumulative: 143684)
18:38:24  new ticks: 42  (cumulative: 143726)
18:38:56  new ticks: 45  (cumulative: 143771)
18:39:28  new ticks: 62  (cumulative: 143833)
18:40:00  new ticks: 46  (cumulative: 143879)
18:40:32  new ticks: 35  (cumulative: 143914)
18:41:04  new ticks: 42  (cumulative: 143956)
18:41:36  new ticks: 36  (cumulative: 143992)
18:42:08  new ticks: 29  (cumulative: 144021)
18:42:40  new ticks: 67  (cumulative: 144088)
18:43:12  new ticks: 71  (cumulative: 144159)
18:43:44  new ticks: 55  (cumulative: 144214)
18:44:16  new ticks: 48  (cumulative: 144262)
18:44:48  new ticks: 75  (cumulative: 144337)
18:45:20  new ticks: 63  (cumulative: 144400)
18:45:52  new ticks: 54  (cumulative: 144454)
18:46:24  new ticks: 30  (cumulative: 144484)
18:46:56  new ticks: 40  (cumulative: 144524)
18:47:29  new ticks: 52  (cumulative: 144576)
18:48:01  new ticks: 34  (cumulative: 144610)
18:48:33  new ticks: 59  (cumulative: 144669)
18:49:05  new ticks: 70  (cumulative: 144739)
18:49:37  new ticks: 78  (cumulative: 144817)
18:50:09  new ticks: 47  (cumulative: 144864)
18:50:41  new ticks: 161  (cumulative: 145025)
18:51:13  new ticks: 49  (cumulative: 145074)
18:51:45  new ticks: 49  (cumulative: 145123)
18:52:17  new ticks: 49  (cumulative: 145172)
18:52:49  new ticks: 34  (cumulative: 145206)
18:53:21  new ticks: 45  (cumulative: 145251)
18:53:53  new ticks: 41  (cumulative: 145292)
18:54:25  new ticks: 44  (cumulative: 145336)
18:54:57  new ticks: 36  (cumulative: 145372)
18:55:29  new ticks: 70  (cumulative: 145442)
18:56:01  new ticks: 68  (cumulative: 145510)
18:56:33  new ticks: 61  (cumulative: 145571)
18:57:06  new ticks: 59  (cumulative: 145630)
18:57:38  new ticks: 41  (cumulative: 145671)
18:58:10  new ticks: 24  (cumulative: 145695)
18:58:42  new ticks: 18  (cumulative: 145713)
18:59:14  new ticks: 72  (cumulative: 145785)
18:59:46  new ticks: 24  (cumulative: 145809)
19:00:18  new ticks: 28  (cumulative: 145837)
19:00:50  new ticks: 36  (cumulative: 145873)
19:01:22  new ticks: 47  (cumulative: 145920)
19:01:55  new ticks: 84  (cumulative: 146004)
19:02:27  new ticks: 81  (cumulative: 146085)
19:02:59  new ticks: 42  (cumulative: 146127)
19:03:31  new ticks: 56  (cumulative: 146183)
19:04:03  new ticks: 38  (cumulative: 146221)
19:04:35  new ticks: 40  (cumulative: 146261)
19:05:07  new ticks: 50  (cumulative: 146311)
19:05:39  new ticks: 37  (cumulative: 146348)
19:06:11  new ticks: 39  (cumulative: 146387)
19:06:43  new ticks: 189  (cumulative: 146576)
19:07:15  new ticks: 104  (cumulative: 146680)
19:07:47  new ticks: 67  (cumulative: 146747)
19:08:19  new ticks: 43  (cumulative: 146790)
19:08:51  new ticks: 48  (cumulative: 146838)
19:09:24  new ticks: 42  (cumulative: 146880)
19:09:56  new ticks: 52  (cumulative: 146932)
19:10:28  new ticks: 49  (cumulative: 146981)
19:11:00  new ticks: 41  (cumulative: 147022)
19:11:32  new ticks: 39  (cumulative: 147061)
19:12:04  new ticks: 66  (cumulative: 147127)
19:12:36  new ticks: 63  (cumulative: 147190)
19:13:08  new ticks: 124  (cumulative: 147314)
19:13:40  new ticks: 107  (cumulative: 147421)
19:14:12  new ticks: 52  (cumulative: 147473)
19:14:45  new ticks: 113  (cumulative: 147586)
19:15:17  new ticks: 94  (cumulative: 147680)
19:15:49  new ticks: 147  (cumulative: 147827)
19:16:21  new ticks: 129  (cumulative: 147956)
19:16:53  new ticks: 103  (cumulative: 148059)
19:17:25  new ticks: 41  (cumulative: 148100)
19:17:57  new ticks: 55  (cumulative: 148155)
19:18:29  new ticks: 35  (cumulative: 148190)
19:19:01  new ticks: 56  (cumulative: 148246)
19:19:33  new ticks: 30  (cumulative: 148276)
19:20:05  new ticks: 60  (cumulative: 148336)
19:20:37  new ticks: 40  (cumulative: 148376)
19:21:10  new ticks: 104  (cumulative: 148480)
19:21:42  new ticks: 78  (cumulative: 148558)
19:22:14  new ticks: 45  (cumulative: 148603)
19:22:46  new ticks: 39  (cumulative: 148642)
19:23:18  new ticks: 40  (cumulative: 148682)
19:23:50  new ticks: 131  (cumulative: 148813)
19:24:22  new ticks: 83  (cumulative: 148896)
19:24:54  new ticks: 64  (cumulative: 148960)
19:25:26  new ticks: 53  (cumulative: 149013)
19:25:58  new ticks: 46  (cumulative: 149059)
19:26:31  new ticks: 56  (cumulative: 149115)
19:27:03  new ticks: 85  (cumulative: 149200)
19:27:35  new ticks: 105  (cumulative: 149305)
19:28:07  new ticks: 251  (cumulative: 149556)
19:28:39  new ticks: 174  (cumulative: 149730)
19:29:11  new ticks: 146  (cumulative: 149876)
19:29:43  new ticks: 78  (cumulative: 149954)
19:30:15  new ticks: 316  (cumulative: 150270)
19:30:47  new ticks: 110  (cumulative: 150380)
19:31:19  new ticks: 207  (cumulative: 150587)
19:31:51  new ticks: 160  (cumulative: 150747)
19:32:24  new ticks: 68  (cumulative: 150815)
19:32:56  new ticks: 76  (cumulative: 150891)
19:33:28  new ticks: 66  (cumulative: 150957)
19:34:00  new ticks: 52  (cumulative: 151009)
19:34:32  new ticks: 37  (cumulative: 151046)
19:35:04  new ticks: 55  (cumulative: 151101)
19:35:36  new ticks: 50  (cumulative: 151151)
19:36:08  new ticks: 46  (cumulative: 151197)
19:36:40  new ticks: 65  (cumulative: 151262)
19:37:13  new ticks: 55  (cumulative: 151317)
19:37:45  new ticks: 89  (cumulative: 151406)
19:38:17  new ticks: 74  (cumulative: 151480)
19:38:49  new ticks: 59  (cumulative: 151539)
19:39:21  new ticks: 61  (cumulative: 151600)
19:39:53  new ticks: 62  (cumulative: 151662)
19:40:26  new ticks: 185  (cumulative: 151847)
19:40:59  new ticks: 87  (cumulative: 151934)
19:41:31  new ticks: 72  (cumulative: 152006)
19:42:04  new ticks: 76  (cumulative: 152082)
19:42:36  new ticks: 55  (cumulative: 152137)
19:43:09  new ticks: 161  (cumulative: 152298)
19:43:41  new ticks: 49  (cumulative: 152347)
19:44:14  new ticks: 59  (cumulative: 152406)
19:44:47  new ticks: 88  (cumulative: 152494)
19:45:20  new ticks: 49  (cumulative: 152543)
19:45:52  new ticks: 43  (cumulative: 152586)
19:46:24  new ticks: 62  (cumulative: 152648)
19:46:57  new ticks: 69  (cumulative: 152717)
19:47:30  new ticks: 42  (cumulative: 152759)
19:48:02  new ticks: 55  (cumulative: 152814)
19:48:35  new ticks: 74  (cumulative: 152888)
19:49:07  new ticks: 83  (cumulative: 152971)
19:49:40  new ticks: 86  (cumulative: 153057)
19:50:12  new ticks: 72  (cumulative: 153129)
19:50:45  new ticks: 75  (cumulative: 153204)
19:51:18  new ticks: 50  (cumulative: 153254)
19:51:50  new ticks: 54  (cumulative: 153308)
19:52:23  new ticks: 46  (cumulative: 153354)
19:52:55  new ticks: 62  (cumulative: 153416)
19:53:27  new ticks: 42  (cumulative: 153458)
19:53:59  new ticks: 48  (cumulative: 153506)
19:54:31  new ticks: 41  (cumulative: 153547)
19:55:04  new ticks: 47  (cumulative: 153594)
19:55:36  new ticks: 43  (cumulative: 153637)
19:56:08  new ticks: 33  (cumulative: 153670)
19:56:40  new ticks: 40  (cumulative: 153710)
19:57:12  new ticks: 48  (cumulative: 153758)
19:57:44  new ticks: 70  (cumulative: 153828)
19:58:17  new ticks: 37  (cumulative: 153865)
19:58:49  new ticks: 79  (cumulative: 153944)
19:59:21  new ticks: 55  (cumulative: 153999)
19:59:53  new ticks: 88  (cumulative: 154087)
20:00:25  new ticks: 66  (cumulative: 154153)
20:00:57  new ticks: 62  (cumulative: 154215)
20:01:30  new ticks: 43  (cumulative: 154258)
20:02:02  new ticks: 32  (cumulative: 154290)
20:02:34  new ticks: 62  (cumulative: 154352)
20:03:06  new ticks: 38  (cumulative: 154390)
20:03:38  new ticks: 47  (cumulative: 154437)
20:04:10  new ticks: 56  (cumulative: 154493)
20:04:42  new ticks: 76  (cumulative: 154569)
20:05:14  new ticks: 48  (cumulative: 154617)
20:05:46  new ticks: 54  (cumulative: 154671)
20:06:18  new ticks: 57  (cumulative: 154728)
20:06:50  new ticks: 53  (cumulative: 154781)
20:07:23  new ticks: 86  (cumulative: 154867)
